Archive member included because of file (symbol)

/usr/lib64/libc_nonshared.a(elf-init.oS)
                              /usr/lib/gcc/x86_64-redhat-linux/4.9.2/../../../../lib64/crt1.o (__libc_csu_init)

Allocating common symbols
Common symbol       size              file

numArgs             0x4               obj/eagletest.o
args                0xa0              obj/eagletest.o

Discarded input sections

 .note.GNU-stack
                0x0000000000000000        0x0 /usr/lib/gcc/x86_64-redhat-linux/4.9.2/../../../../lib64/crt1.o
 .note.GNU-stack
                0x0000000000000000        0x0 /usr/lib/gcc/x86_64-redhat-linux/4.9.2/../../../../lib64/crti.o
 .note.GNU-stack
                0x0000000000000000        0x0 /usr/lib/gcc/x86_64-redhat-linux/4.9.2/crtbegin.o
 .note.GNU-stack
                0x0000000000000000        0x0 obj/eagletest.o
 .note.GNU-stack
                0x0000000000000000        0x0 obj/util.o
 .note.GNU-stack
                0x0000000000000000        0x0 /usr/lib64/libc_nonshared.a(elf-init.oS)
 .note.GNU-stack
                0x0000000000000000        0x0 /usr/lib/gcc/x86_64-redhat-linux/4.9.2/crtend.o
 .note.GNU-stack
                0x0000000000000000        0x0 /usr/lib/gcc/x86_64-redhat-linux/4.9.2/../../../../lib64/crtn.o

Memory Configuration

Name             Origin             Length             Attributes
*default*        0x0000000000000000 0xffffffffffffffff

Linker script and memory map

LOAD /usr/lib/gcc/x86_64-redhat-linux/4.9.2/../../../../lib64/crt1.o
LOAD /usr/lib/gcc/x86_64-redhat-linux/4.9.2/../../../../lib64/crti.o
LOAD /usr/lib/gcc/x86_64-redhat-linux/4.9.2/crtbegin.o
LOAD obj/eagletest.o
LOAD obj/util.o
LOAD /usr/lib/gcc/x86_64-redhat-linux/4.9.2/libgcc.a
LOAD /usr/lib/gcc/x86_64-redhat-linux/4.9.2/libgcc_s.so
LOAD /usr/lib/gcc/x86_64-redhat-linux/4.9.2/../../../../lib64/libc.so
START GROUP
LOAD /lib64/libc.so.6
LOAD /usr/lib64/libc_nonshared.a
LOAD /lib64/ld-linux-x86-64.so.2
END GROUP
LOAD /usr/lib/gcc/x86_64-redhat-linux/4.9.2/libgcc.a
LOAD /usr/lib/gcc/x86_64-redhat-linux/4.9.2/libgcc_s.so
LOAD /usr/lib/gcc/x86_64-redhat-linux/4.9.2/crtend.o
LOAD /usr/lib/gcc/x86_64-redhat-linux/4.9.2/../../../../lib64/crtn.o
                0x0000000000400000                PROVIDE (__executable_start, 0x400000)
                0x0000000000400238                . = (0x400000 + SIZEOF_HEADERS)

.interp         0x0000000000400238       0x1c
 *(.interp)
 .interp        0x0000000000400238       0x1c /usr/lib/gcc/x86_64-redhat-linux/4.9.2/../../../../lib64/crt1.o

.note.ABI-tag   0x0000000000400254       0x20
 .note.ABI-tag  0x0000000000400254       0x20 /usr/lib/gcc/x86_64-redhat-linux/4.9.2/../../../../lib64/crt1.o

.note.gnu.build-id
                0x0000000000400274       0x24
 *(.note.gnu.build-id)
 .note.gnu.build-id
                0x0000000000400274       0x24 /usr/lib/gcc/x86_64-redhat-linux/4.9.2/../../../../lib64/crt1.o

.hash
 *(.hash)

.gnu.hash       0x0000000000400298       0x28
 *(.gnu.hash)
 .gnu.hash      0x0000000000400298       0x28 /usr/lib/gcc/x86_64-redhat-linux/4.9.2/../../../../lib64/crt1.o

.dynsym         0x00000000004002c0      0x270
 *(.dynsym)
 .dynsym        0x00000000004002c0      0x270 /usr/lib/gcc/x86_64-redhat-linux/4.9.2/../../../../lib64/crt1.o

.dynstr         0x0000000000400530       0xed
 *(.dynstr)
 .dynstr        0x0000000000400530       0xed /usr/lib/gcc/x86_64-redhat-linux/4.9.2/../../../../lib64/crt1.o

.gnu.version    0x000000000040061e       0x34
 *(.gnu.version)
 .gnu.version   0x000000000040061e       0x34 /usr/lib/gcc/x86_64-redhat-linux/4.9.2/../../../../lib64/crt1.o

.gnu.version_d  0x0000000000400658        0x0
 *(.gnu.version_d)
 .gnu.version_d
                0x0000000000000000        0x0 /usr/lib/gcc/x86_64-redhat-linux/4.9.2/../../../../lib64/crt1.o

.gnu.version_r  0x0000000000400658       0x30
 *(.gnu.version_r)
 .gnu.version_r
                0x0000000000400658       0x30 /usr/lib/gcc/x86_64-redhat-linux/4.9.2/../../../../lib64/crt1.o

.rela.dyn       0x0000000000400688       0x48
 *(.rela.init)
 *(.rela.text .rela.text.* .rela.gnu.linkonce.t.*)
 .rela.text     0x0000000000000000        0x0 /usr/lib/gcc/x86_64-redhat-linux/4.9.2/../../../../lib64/crt1.o
 *(.rela.fini)
 *(.rela.rodata .rela.rodata.* .rela.gnu.linkonce.r.*)
 *(.rela.data .rela.data.* .rela.gnu.linkonce.d.*)
 *(.rela.tdata .rela.tdata.* .rela.gnu.linkonce.td.*)
 *(.rela.tbss .rela.tbss.* .rela.gnu.linkonce.tb.*)
 *(.rela.ctors)
 *(.rela.dtors)
 *(.rela.got)
 .rela.got      0x0000000000400688       0x18 /usr/lib/gcc/x86_64-redhat-linux/4.9.2/../../../../lib64/crt1.o
 *(.rela.bss .rela.bss.* .rela.gnu.linkonce.b.*)
 .rela.bss      0x00000000004006a0       0x30 /usr/lib/gcc/x86_64-redhat-linux/4.9.2/../../../../lib64/crt1.o
 *(.rela.ldata .rela.ldata.* .rela.gnu.linkonce.l.*)
 *(.rela.lbss .rela.lbss.* .rela.gnu.linkonce.lb.*)
 *(.rela.lrodata .rela.lrodata.* .rela.gnu.linkonce.lr.*)
 *(.rela.ifunc)

.rela.plt       0x00000000004006d0      0x228
 *(.rela.plt)
 .rela.plt      0x00000000004006d0      0x228 /usr/lib/gcc/x86_64-redhat-linux/4.9.2/../../../../lib64/crt1.o
                0x00000000004008f8                PROVIDE (__rela_iplt_start, .)
 *(.rela.iplt)
 .rela.iplt     0x0000000000000000        0x0 /usr/lib/gcc/x86_64-redhat-linux/4.9.2/../../../../lib64/crt1.o
                0x00000000004008f8                PROVIDE (__rela_iplt_end, .)

.init           0x00000000004008f8       0x1a
 *(SORT(.init))
 .init          0x00000000004008f8       0x15 /usr/lib/gcc/x86_64-redhat-linux/4.9.2/../../../../lib64/crti.o
                0x00000000004008f8                _init
 .init          0x000000000040090d        0x5 /usr/lib/gcc/x86_64-redhat-linux/4.9.2/../../../../lib64/crtn.o

.plt            0x0000000000400920      0x180
 *(.plt)
 .plt           0x0000000000400920      0x180 /usr/lib/gcc/x86_64-redhat-linux/4.9.2/../../../../lib64/crt1.o
                0x0000000000400930                free@@GLIBC_2.2.5
                0x0000000000400940                putchar@@GLIBC_2.2.5
                0x0000000000400950                strncpy@@GLIBC_2.2.5
                0x0000000000400960                strncmp@@GLIBC_2.2.5
                0x0000000000400970                strcpy@@GLIBC_2.2.5
                0x0000000000400980                puts@@GLIBC_2.2.5
                0x0000000000400990                strlen@@GLIBC_2.2.5
                0x00000000004009a0                setbuf@@GLIBC_2.2.5
                0x00000000004009b0                strchr@@GLIBC_2.2.5
                0x00000000004009c0                printf@@GLIBC_2.2.5
                0x00000000004009d0                memset@@GLIBC_2.2.5
                0x00000000004009e0                fgetc@@GLIBC_2.2.5
                0x00000000004009f0                __libc_start_main@@GLIBC_2.2.5
                0x0000000000400a00                strcmp@@GLIBC_2.2.5
                0x0000000000400a20                strtol@@GLIBC_2.2.5
                0x0000000000400a30                select@@GLIBC_2.2.5
                0x0000000000400a40                malloc@@GLIBC_2.2.5
                0x0000000000400a50                tcgetattr@@GLIBC_2.2.5
                0x0000000000400a60                tcsetattr@@GLIBC_2.2.5
                0x0000000000400a70                strtok@@GLIBC_2.2.5
                0x0000000000400a80                strdup@@GLIBC_2.2.5
                0x0000000000400a90                __ctype_b_loc@@GLIBC_2.3
 *(.iplt)
 .iplt          0x0000000000000000        0x0 /usr/lib/gcc/x86_64-redhat-linux/4.9.2/../../../../lib64/crt1.o

.text           0x0000000000400aa0     0x1022
 *(.text.unlikely .text.*_unlikely .text.unlikely.*)
 .text.unlikely
                0x0000000000400aa0        0x0 /usr/lib/gcc/x86_64-redhat-linux/4.9.2/crtbegin.o
 .text.unlikely
                0x0000000000400aa0        0x0 /usr/lib64/libc_nonshared.a(elf-init.oS)
 *(.text.exit .text.exit.*)
 *(.text.startup .text.startup.*)
 *(.text.hot .text.hot.*)
 *(.text .stub .text.* .gnu.linkonce.t.*)
 .text          0x0000000000400aa0       0x2a /usr/lib/gcc/x86_64-redhat-linux/4.9.2/../../../../lib64/crt1.o
                0x0000000000400aa0                _start
 .text          0x0000000000400aca        0x0 /usr/lib/gcc/x86_64-redhat-linux/4.9.2/../../../../lib64/crti.o
 *fill*         0x0000000000400aca        0x6 
 .text          0x0000000000400ad0       0xc6 /usr/lib/gcc/x86_64-redhat-linux/4.9.2/crtbegin.o
 .text          0x0000000000400b96      0xa7d obj/eagletest.o
                0x0000000000400b96                invalidArgs
                0x0000000000400ba6                cmd_dummy
                0x0000000000400bcb                showHelp
                0x0000000000400d16                cmd_help
                0x0000000000400d3b                strToULong
                0x0000000000400dd2                findAndExecCommand
                0x00000000004011ad                commandHandler
                0x0000000000401440                mtest
                0x0000000000401570                testReadStr
                0x00000000004015b8                main
 .text          0x0000000000401613      0x43a obj/util.o
                0x0000000000401613                kbhit
                0x000000000040169c                kb_raw
                0x00000000004016ec                kb_normal
                0x0000000000401738                getch
                0x000000000040176c                inputString
                0x0000000000401885                readString
                0x00000000004018d3                xtoui
                0x0000000000401a1b                hexNibble
 *fill*         0x0000000000401a4d        0x3 
 .text          0x0000000000401a50       0x72 /usr/lib64/libc_nonshared.a(elf-init.oS)
                0x0000000000401a50                __libc_csu_init
                0x0000000000401ac0                __libc_csu_fini
 .text          0x0000000000401ac2        0x0 /usr/lib/gcc/x86_64-redhat-linux/4.9.2/crtend.o
 .text          0x0000000000401ac2        0x0 /usr/lib/gcc/x86_64-redhat-linux/4.9.2/../../../../lib64/crtn.o
 *(.gnu.warning)

.fini           0x0000000000401ac4        0x9
 *(SORT(.fini))
 .fini          0x0000000000401ac4        0x4 /usr/lib/gcc/x86_64-redhat-linux/4.9.2/../../../../lib64/crti.o
                0x0000000000401ac4                _fini
 .fini          0x0000000000401ac8        0x5 /usr/lib/gcc/x86_64-redhat-linux/4.9.2/../../../../lib64/crtn.o
                0x0000000000401acd                PROVIDE (__etext, .)
                0x0000000000401acd                PROVIDE (_etext, .)
                0x0000000000401acd                PROVIDE (etext, .)

.rodata         0x0000000000401ad0      0x1a2
 *(.rodata .rodata.* .gnu.linkonce.r.*)
 .rodata.cst4   0x0000000000401ad0        0x4 /usr/lib/gcc/x86_64-redhat-linux/4.9.2/../../../../lib64/crt1.o
                0x0000000000401ad0                _IO_stdin_used
 *fill*         0x0000000000401ad4        0x4 
 .rodata        0x0000000000401ad8        0x8 /usr/lib/gcc/x86_64-redhat-linux/4.9.2/crtbegin.o
                0x0000000000401ad8                __dso_handle
 .rodata        0x0000000000401ae0      0x187 obj/eagletest.o
 .rodata        0x0000000000401c67        0xb obj/util.o

.rodata1
 *(.rodata1)

.eh_frame_hdr   0x0000000000401c74       0xbc
 *(.eh_frame_hdr)
 .eh_frame_hdr  0x0000000000401c74       0xbc /usr/lib/gcc/x86_64-redhat-linux/4.9.2/../../../../lib64/crt1.o

.eh_frame       0x0000000000401d30      0x32c
 *(.eh_frame)
 .eh_frame      0x0000000000401d30       0x30 /usr/lib/gcc/x86_64-redhat-linux/4.9.2/../../../../lib64/crt1.o
 .eh_frame      0x0000000000401d60       0x40 /usr/lib/gcc/x86_64-redhat-linux/4.9.2/../../../../lib64/crt1.o
 .eh_frame      0x0000000000401da0      0x158 obj/eagletest.o
                                        0x168 (size before relaxing)
 .eh_frame      0x0000000000401ef8      0x100 obj/util.o
                                        0x118 (size before relaxing)
 .eh_frame      0x0000000000401ff8       0x60 /usr/lib64/libc_nonshared.a(elf-init.oS)
                                         0x78 (size before relaxing)
 .eh_frame      0x0000000000402058        0x4 /usr/lib/gcc/x86_64-redhat-linux/4.9.2/crtend.o

.gcc_except_table
 *(.gcc_except_table .gcc_except_table.*)

.exception_ranges
 *(.exception_ranges .exception_ranges*)
                0x000000000040205c                . = (ALIGN (0x200000) - ((0x200000 - .) & 0x1fffff))
                0x0000000000602e0c                . = DATA_SEGMENT_ALIGN (0x200000, 0x1000)

.eh_frame
 *(.eh_frame)

.gcc_except_table
 *(.gcc_except_table .gcc_except_table.*)

.exception_ranges
 *(.exception_ranges .exception_ranges*)

.tdata
 *(.tdata .tdata.* .gnu.linkonce.td.*)

.tbss
 *(.tbss .tbss.* .gnu.linkonce.tb.*)
 *(.tcommon)

.preinit_array  0x0000000000602e0c        0x0
                0x0000000000602e0c                PROVIDE (__preinit_array_start, .)
 *(.preinit_array)
                0x0000000000602e0c                PROVIDE (__preinit_array_end, .)

.init_array     0x0000000000602e10        0x8
                0x0000000000602e10                PROVIDE (__init_array_start, .)
 *(SORT(.init_array.*) SORT(.ctors.*))
 *(.init_array EXCLUDE_FILE(*crtend?.o *crtend.o *crtbegin?.o *crtbegin.o) .ctors)
 .init_array    0x0000000000602e10        0x8 /usr/lib/gcc/x86_64-redhat-linux/4.9.2/crtbegin.o
                0x0000000000602e18                PROVIDE (__init_array_end, .)

.fini_array     0x0000000000602e18        0x8
                0x0000000000602e18                PROVIDE (__fini_array_start, .)
 *(SORT(.fini_array.*) SORT(.dtors.*))
 *(.fini_array EXCLUDE_FILE(*crtend?.o *crtend.o *crtbegin?.o *crtbegin.o) .dtors)
 .fini_array    0x0000000000602e18        0x8 /usr/lib/gcc/x86_64-redhat-linux/4.9.2/crtbegin.o
                0x0000000000602e20                PROVIDE (__fini_array_end, .)

.ctors
 *crtbegin.o(.ctors)
 *crtbegin?.o(.ctors)
 *(EXCLUDE_FILE(*crtend?.o *crtend.o) .ctors)
 *(SORT(.ctors.*))
 *(.ctors)

.dtors
 *crtbegin.o(.dtors)
 *crtbegin?.o(.dtors)
 *(EXCLUDE_FILE(*crtend?.o *crtend.o) .dtors)
 *(SORT(.dtors.*))
 *(.dtors)

.jcr            0x0000000000602e20        0x8
 *(.jcr)
 .jcr           0x0000000000602e20        0x0 /usr/lib/gcc/x86_64-redhat-linux/4.9.2/crtbegin.o
 .jcr           0x0000000000602e20        0x8 /usr/lib/gcc/x86_64-redhat-linux/4.9.2/crtend.o

.data.rel.ro
 *(.data.rel.ro.local* .gnu.linkonce.d.rel.ro.local.*)
 *(.data.rel.ro .data.rel.ro.* .gnu.linkonce.d.rel.ro.*)

.dynamic        0x0000000000602e28      0x1d0
 *(.dynamic)
 .dynamic       0x0000000000602e28      0x1d0 /usr/lib/gcc/x86_64-redhat-linux/4.9.2/../../../../lib64/crt1.o
                0x0000000000602e28                _DYNAMIC

.got            0x0000000000602ff8        0x8
 *(.got)
 .got           0x0000000000602ff8        0x8 /usr/lib/gcc/x86_64-redhat-linux/4.9.2/../../../../lib64/crt1.o
 *(.igot)
                0x0000000000603fe8                . = DATA_SEGMENT_RELRO_END (., (SIZEOF (.got.plt) >= 0x18)?0x18:0x0)

.got.plt        0x0000000000603000       0xd0
 *(.got.plt)
 .got.plt       0x0000000000603000       0xd0 /usr/lib/gcc/x86_64-redhat-linux/4.9.2/../../../../lib64/crt1.o
                0x0000000000603000                _GLOBAL_OFFSET_TABLE_
 *(.igot.plt)
 .igot.plt      0x0000000000000000        0x0 /usr/lib/gcc/x86_64-redhat-linux/4.9.2/../../../../lib64/crt1.o

.data           0x0000000000603100      0x130
 *(.data .data.* .gnu.linkonce.d.*)
 .data          0x0000000000603100        0x4 /usr/lib/gcc/x86_64-redhat-linux/4.9.2/../../../../lib64/crt1.o
                0x0000000000603100                data_start
                0x0000000000603100                __data_start
 .data          0x0000000000603104        0x0 /usr/lib/gcc/x86_64-redhat-linux/4.9.2/../../../../lib64/crti.o
 .data          0x0000000000603104        0x0 /usr/lib/gcc/x86_64-redhat-linux/4.9.2/crtbegin.o
 *fill*         0x0000000000603104       0x3c 
 .data          0x0000000000603140       0xf0 obj/eagletest.o
                0x0000000000603140                cmds
 .data          0x0000000000603230        0x0 obj/util.o
 .data          0x0000000000603230        0x0 /usr/lib64/libc_nonshared.a(elf-init.oS)
 .data          0x0000000000603230        0x0 /usr/lib/gcc/x86_64-redhat-linux/4.9.2/crtend.o
 .data          0x0000000000603230        0x0 /usr/lib/gcc/x86_64-redhat-linux/4.9.2/../../../../lib64/crtn.o

.tm_clone_table
                0x0000000000603230        0x0
 .tm_clone_table
                0x0000000000603230        0x0 /usr/lib/gcc/x86_64-redhat-linux/4.9.2/crtbegin.o
 .tm_clone_table
                0x0000000000603230        0x0 /usr/lib/gcc/x86_64-redhat-linux/4.9.2/crtend.o

.data1
 *(.data1)
                0x0000000000603230                _edata = .
                0x0000000000603230                PROVIDE (edata, .)
                0x0000000000603230                . = .
                0x0000000000603230                __bss_start = .

.bss            0x0000000000603240      0x120
 *(.dynbss)
 .dynbss        0x0000000000603240       0x18 /usr/lib/gcc/x86_64-redhat-linux/4.9.2/../../../../lib64/crt1.o
                0x0000000000603240                stdout@@GLIBC_2.2.5
                0x0000000000603250                stdin@@GLIBC_2.2.5
 *(.bss .bss.* .gnu.linkonce.b.*)
 .bss           0x0000000000603258        0x0 /usr/lib/gcc/x86_64-redhat-linux/4.9.2/../../../../lib64/crt1.o
 .bss           0x0000000000603258        0x0 /usr/lib/gcc/x86_64-redhat-linux/4.9.2/../../../../lib64/crti.o
 .bss           0x0000000000603258        0x1 /usr/lib/gcc/x86_64-redhat-linux/4.9.2/crtbegin.o
 .bss           0x0000000000603259        0x0 obj/eagletest.o
 .bss           0x0000000000603259        0x0 obj/util.o
 .bss           0x0000000000603259        0x0 /usr/lib64/libc_nonshared.a(elf-init.oS)
 .bss           0x0000000000603259        0x0 /usr/lib/gcc/x86_64-redhat-linux/4.9.2/crtend.o
 .bss           0x0000000000603259        0x0 /usr/lib/gcc/x86_64-redhat-linux/4.9.2/../../../../lib64/crtn.o
 *(COMMON)
 *fill*         0x0000000000603259       0x27 
 COMMON         0x0000000000603280       0xe0 obj/eagletest.o
                0x0000000000603280                numArgs
                0x00000000006032c0                args
                0x0000000000603360                . = ALIGN ((. != 0x0)?0x8:0x1)

.lbss
 *(.dynlbss)
 *(.lbss .lbss.* .gnu.linkonce.lb.*)
 *(LARGE_COMMON)
                0x0000000000603360                . = ALIGN (0x8)
                0x0000000000603360                . = SEGMENT_START ("ldata-segment", .)

.lrodata
 *(.lrodata .lrodata.* .gnu.linkonce.lr.*)

.ldata          0x0000000000a03360        0x0
 *(.ldata .ldata.* .gnu.linkonce.l.*)
                0x0000000000a03360                . = ALIGN ((. != 0x0)?0x8:0x1)
                0x0000000000a03360                . = ALIGN (0x8)
                0x0000000000a03360                _end = .
                0x0000000000a03360                PROVIDE (end, .)
                0x0000000000a03360                . = DATA_SEGMENT_END (.)

.stab
 *(.stab)

.stabstr
 *(.stabstr)

.stab.excl
 *(.stab.excl)

.stab.exclstr
 *(.stab.exclstr)

.stab.index
 *(.stab.index)

.stab.indexstr
 *(.stab.indexstr)

.comment        0x0000000000000000       0x2c
 *(.comment)
 .comment       0x0000000000000000       0x2c /usr/lib/gcc/x86_64-redhat-linux/4.9.2/../../../../lib64/crt1.o
                                         0x2d (size before relaxing)
 .comment       0x0000000000000000       0x2d /usr/lib/gcc/x86_64-redhat-linux/4.9.2/crtbegin.o
 .comment       0x0000000000000000       0x2d obj/eagletest.o
 .comment       0x0000000000000000       0x2d obj/util.o
 .comment       0x0000000000000000       0x2d /usr/lib64/libc_nonshared.a(elf-init.oS)
 .comment       0x0000000000000000       0x2d /usr/lib/gcc/x86_64-redhat-linux/4.9.2/crtend.o

.debug
 *(.debug)

.line
 *(.line)

.debug_srcinfo
 *(.debug_srcinfo)

.debug_sfnames
 *(.debug_sfnames)

.debug_aranges  0x0000000000000000       0x60
 *(.debug_aranges)
 .debug_aranges
                0x0000000000000000       0x30 obj/eagletest.o
 .debug_aranges
                0x0000000000000030       0x30 obj/util.o

.debug_pubnames
 *(.debug_pubnames)

.debug_info     0x0000000000000000      0xd7a
 *(.debug_info .gnu.linkonce.wi.*)
 .debug_info    0x0000000000000000      0x709 obj/eagletest.o
 .debug_info    0x0000000000000709      0x671 obj/util.o

.debug_abbrev   0x0000000000000000      0x307
 *(.debug_abbrev)
 .debug_abbrev  0x0000000000000000      0x1a4 obj/eagletest.o
 .debug_abbrev  0x00000000000001a4      0x163 obj/util.o

.debug_line     0x0000000000000000      0x3d1
 *(.debug_line .debug_line.* .debug_line_end)
 .debug_line    0x0000000000000000      0x240 obj/eagletest.o
 .debug_line    0x0000000000000240      0x191 obj/util.o

.debug_frame
 *(.debug_frame)

.debug_str      0x0000000000000000      0x52f
 *(.debug_str)
 .debug_str     0x0000000000000000      0x387 obj/eagletest.o
                                        0x3c8 (size before relaxing)
 .debug_str     0x0000000000000387      0x1a8 obj/util.o
                                        0x42d (size before relaxing)

.debug_loc
 *(.debug_loc)

.debug_macinfo
 *(.debug_macinfo)

.debug_weaknames
 *(.debug_weaknames)

.debug_funcnames
 *(.debug_funcnames)

.debug_typenames
 *(.debug_typenames)

.debug_varnames
 *(.debug_varnames)

.debug_pubtypes
 *(.debug_pubtypes)

.debug_ranges
 *(.debug_ranges)

.debug_macro
 *(.debug_macro)

.gnu.attributes
 *(.gnu.attributes)

/DISCARD/
 *(.note.GNU-stack)
 *(.gnu_debuglink)
 *(.gnu.lto_*)
 *(.gnu_object_only)
OUTPUT(obj/eagletest elf64-x86-64)
